
============================================================
  PropEdge V18.0 — Batch 0 (Grade + Retrain)
  Grading: 2026-04-06
============================================================
  Fetching box scores for 2026-04-06...
  5 games found
  Box scores: 102 played rows, 140 players in box
  Graded: 122 | W:58 L:64 DNP:0
  Gamelogs: 25330 → 25432 rows (+102)
  Post-match rolling updated.
  Rolling crosscheck: 0 flag(s) of 61 checked
  Building H2H database...
  H2H database: 15,623 rows → h2h_database.csv
  DVP updated: 90 entries written → dvp_rankings.json
  Retraining V14 models (~5-8 min)...
  Loading game logs (both seasons)...
  Played rows: 51,070  |  Players: 634
  Loading prop lines...
  Real lines (2025-26): 16,752
  Synthetic lines (2024-25): 23,144
  Total props: 39,896
  Extracting features...
  Training rows: 37,363  (skipped: {'no_player': 1847, 'thin_history': 70, 'no_actual': 616, 'no_feats': 0})
  Season split — 2025-26: 14,219  2024-25: 23,144
  OVER rate — real: 48.5%  synthetic: 45.2%
  OOF 5-fold training...
    Fold 1: clf=0.692  reg=0.683
    Fold 2: clf=0.688  reg=0.687
    Fold 3: clf=0.663  reg=0.657
    Fold 4: clf=0.634  reg=0.636
    Fold 5: clf=0.673  reg=0.672
  OOF clf acc: 0.670  |  OOF reg acc: 0.667
  Player trust scores: 502 players
  Training final models on full dataset...
  Clf trees: 328  |  Reg trees: 400
  In-sample clf direction acc: 69.0%  ← optimistic (use OOF figures)
  ✓ Models saved → /Users/salman/Documents/GitHub/PropEdgeV18.0/models
  ✓ Training rows used: 37,363  (2025-26 real: 14,219  2024-25 synthetic: 23,144)
  Git push ✓

  ✓ Batch 0 complete — graded 2026-04-06.

